// Jest Snapshot v1, https://goo.gl/fbAQLP

exports[`<Card /> renders this UI as expcected 1`] = `
<div
  className="Card"
>
  <button
    type="button"
  >
    delete
  </button>
  <h3>
    To-Do
  </h3>
  <p>
    sleep
  </p>
</div>
`;
